// Jest Snapshot v1, https://goo.gl/fbAQLP

exports[`hookScript should match snapshot 1`] = `
"#!/bin/sh
# husky

# Hook created by Husky (https://github.com/typicode/husky#readme)
#   Version: 3.0.1
#   At: <locale date string>
#   From: /home/typicode/projects/foo-package (https://github.com/foo/foo-package)

hookName=\`basename \\"$0\\"\`
gitRoot=\\"$(git rev-parse --show-toplevel)\\"
gitParams=\\"$*\\"

debug() {
  if [ \\"$HUSKY_DEBUG\\" = \\"true\\" ] || [ \\"$HUSKY_DEBUG\\" = \\"1\\" ]; then
    echo \\"husky:debug $1\\"
  fi
}

if [ -f ~/.huskyrc ]; then
  debug \\"source ~/.huskyrc\\"
  . ~/.huskyrc
fi

if [ -f \\"$gitRoot\\"/.huskyrc.local ]; then
  debug \\"source $gitRoot/.huskyrc.local\\"
  . \\"$gitRoot\\"/.huskyrc.local
fi

debug \\"$hookName hook started\\"

if [ \\"$HUSKY_SKIP_HOOKS\\" = \\"true\\" ] || [ \\"$HUSKY_SKIP_HOOKS\\" = \\"1\\" ]; then
  debug \\"HUSKY_SKIP_HOOKS is set to $HUSKY_SKIP_HOOKS, skipping hook\\"
  exit 0
fi

cd \\".\\"
npx --no-install husky-run $hookName \\"$gitParams\\"

exitCode=$?
debug \\"npx --no-install husky-run exited with $exitCode exit code\\"
if [ $exitCode -eq 127 ]; then
  echo \\"Can't find Husky, skipping $hookName hook\\"
  echo \\"You can reinstall it using 'npm install husky --save-dev' or delete this hook\\"
else
  exit $exitCode
fi
"
`;
